- Undefined referer urls are not taken into account

10 most requested URL sorted by hits :
/page2.html                    (2 hits)
/page3.html                    (1 hits)
/page1.html                    (1 hits)