- Exclude all URL not containing ".jpg"

10 most requested URL sorted by hits :
/temps/FondInsa.jpg            (776 hits)
/temps/INSA.jpg                (329 hits)
/stages/FondInsa.jpg           (322 hits)
/temps/5013S.jpg               (151 hits)
/temps/5012N.jpg               (91 hits)
/temps/5012S.jpg               (85 hits)
/stages/bandeauFinal.jpg       (85 hits)
/micromachine/logo.jpg         (4 hits)
/chercheurs/gcaplat/index_fichiers/image003.jpg (4 hits)
/chercheurs/LCI/image001.jpg   (3 hits)