- Only hits between 12h and 13h have been taken into account

10 most requested URL sorted by hits :
/SiteWebIF/Intranet-etudiant.php (352 hits)
/temps/                        (185 hits)
/temps/3IF39.html              (126 hits)
/temps/4IF39.html              (113 hits)
/temps/3IF1.ics                (101 hits)
/notesif                       (97 hits)
/temps/4IF1.ics                (94 hits)
/temps/4IF38.html              (90 hits)
/temps/3IF38.html              (85 hits)
/temps/4IF40.html              (70 hits)