- Exclude all URL not containing ".html"

10 most requested URL sorted by hits :
/page3.html                    (6 hits)
/page2.html                    (5 hits)
/page4.html                    (2 hits)
/page1.html                    (2 hits)