- Exclude all URL not containing ".jpg"

10 most requested URL sorted by hits :
/image1.jpg                    (3 hits)